// Jest Snapshot v1, https://goo.gl/fbAQLP

exports[`Player constructor should create a Player instance with initial properties 1`] = `
Player {
  "decrementScore": [Function],
  "id": "1234",
  "incrementScore": [Function],
  "score": 0,
  "title": "PlayerOne",
}
`;
